{
  "choices": [
    {
      "finish_reason": "stop",
      "index": 0,
      "logprobs": null,
      "message": {
        "content": "{ \"temperature\": [ 26, 30, 33, 29 ] ,\"unit\": \"Fahrenheit\" }",
        "role": "assistant"
      }
    }
  ],
  "created": 1726319532,
  "id": "",
  "model": "TinyLlama/TinyLlama-1.1B-Chat-v1.0",
  "object": "chat.completion",
  "system_fingerprint": "2.2.1-dev0-native",
  "usage": {
    "completion_tokens": 36,
    "prompt_tokens": 136,
    "total_tokens": 172
  }
}
