{
  "details": {
    "best_of_sequences": null,
    "finish_reason": "length",
    "generated_tokens": 10,
    "prefill": [
      {
        "id": 1,
        "logprob": null,
        "text": "<s>"
      },
      {
        "id": 1824,
        "logprob": -6.140625,
        "text": "What"
      },
      {
        "id": 349,
        "logprob": -1.4638672,
        "text": "is"
      },
      {
        "id": 3534,
        "logprob": -9.2578125,
        "text": "deep"
      },
      {
        "id": 5168,
        "logprob": -2.2851562,
        "text": "learning"
      },
      {
        "id": 28804,
        "logprob": -0.30688477,
        "text": "?"
      },
      {
        "id": 13,
        "logprob": -0.9682617,
        "text": "\n"
      },
      {
        "id": 13,
        "logprob": -0.19030762,
        "text": "\n"
      }
    ],
    "seed": null,
    "tokens": [
      {
        "id": 23229,
        "logprob": -0.5444336,
        "special": false,
        "text": "Deep"
      },
      {
        "id": 5168,
        "logprob": -0.08251953,
        "special": false,
        "text": " learning"
      },
      {
        "id": 349,
        "logprob": -0.22363281,
        "special": false,
        "text": " is"
      },
      {
        "id": 264,
        "logprob": -0.34472656,
        "special": false,
        "text": " a"
      },
      {
        "id": 19804,
        "logprob": -1.3886719,
        "special": false,
        "text": " subset"
      },
      {
        "id": 302,
        "logprob": -0.012077332,
        "special": false,
        "text": " of"
      },
      {
        "id": 5599,
        "logprob": -0.17016602,
        "special": false,
        "text": " machine"
      },
      {
        "id": 5168,
        "logprob": -0.0037288666,
        "special": false,
        "text": " learning"
      },
      {
        "id": 369,
        "logprob": -1.2753906,
        "special": false,
        "text": " that"
      },
      {
        "id": 349,
        "logprob": -1.4160156,
        "special": false,
        "text": " is"
      }
    ],
    "top_tokens": null
  },
  "generated_text": "Deep learning is a subset of machine learning that is"
}
