[
  {
    "details": {
      "best_of_sequences": null,
      "finish_reason": "length",
      "generated_tokens": 10,
      "prefill": [
        {
          "id": 1,
          "logprob": null,
          "text": "<s>"
        },
        {
          "id": 3735,
          "logprob": -9.6796875,
          "text": "Test"
        },
        {
          "id": 2159,
          "logprob": -13.3359375,
          "text": "request"
        }
      ],
      "seed": null,
      "tokens": [
        {
          "id": 1221,
          "logprob": -1.8759766,
          "special": false,
          "text": " form"
        },
        {
          "id": 13,
          "logprob": -1.0576172,
          "special": false,
          "text": "\n"
        },
        {
          "id": 13,
          "logprob": -0.22705078,
          "special": false,
          "text": "\n"
        },
        {
          "id": 28771,
          "logprob": -1.7021484,
          "special": false,
          "text": "#"
        },
        {
          "id": 3735,
          "logprob": -2.2734375,
          "special": false,
          "text": " Test"
        },
        {
          "id": 2159,
          "logprob": -0.30517578,
          "special": false,
          "text": " request"
        },
        {
          "id": 1221,
          "logprob": -0.0703125,
          "special": false,
          "text": " form"
        },
        {
          "id": 13,
          "logprob": -0.07635498,
          "special": false,
          "text": "\n"
        },
        {
          "id": 13,
          "logprob": -3.1232834e-05,
          "special": false,
          "text": "\n"
        },
        {
          "id": 1064,
          "logprob": -2.0625,
          "special": false,
          "text": "##"
        }
      ],
      "top_tokens": null
    },
    "generated_text": " form\n\n# Test request form\n\n##"
  },
  {
    "details": {
      "best_of_sequences": null,
      "finish_reason": "length",
      "generated_tokens": 10,
      "prefill": [
        {
          "id": 1,
          "logprob": null,
          "text": "<s>"
        },
        {
          "id": 3735,
          "logprob": -9.6796875,
          "text": "Test"
        },
        {
          "id": 2159,
          "logprob": -13.328125,
          "text": "request"
        }
      ],
      "seed": null,
      "tokens": [
        {
          "id": 1221,
          "logprob": -1.8662109,
          "special": false,
          "text": " form"
        },
        {
          "id": 13,
          "logprob": -1.0537109,
          "special": false,
          "text": "\n"
        },
        {
          "id": 13,
          "logprob": -0.22705078,
          "special": false,
          "text": "\n"
        },
        {
          "id": 28771,
          "logprob": -1.7148438,
          "special": false,
          "text": "#"
        },
        {
          "id": 3735,
          "logprob": -2.265625,
          "special": false,
          "text": " Test"
        },
        {
          "id": 2159,
          "logprob": -0.3071289,
          "special": false,
          "text": " request"
        },
        {
          "id": 1221,
          "logprob": -0.0703125,
          "special": false,
          "text": " form"
        },
        {
          "id": 13,
          "logprob": -0.07702637,
          "special": false,
          "text": "\n"
        },
        {
          "id": 13,
          "logprob": -3.1352043e-05,
          "special": false,
          "text": "\n"
        },
        {
          "id": 1064,
          "logprob": -2.0625,
          "special": false,
          "text": "##"
        }
      ],
      "top_tokens": null
    },
    "generated_text": " form\n\n# Test request form\n\n##"
  },
  {
    "details": {
      "best_of_sequences": null,
      "finish_reason": "length",
      "generated_tokens": 10,
      "prefill": [
        {
          "id": 1,
          "logprob": null,
          "text": "<s>"
        },
        {
          "id": 3735,
          "logprob": -9.6796875,
          "text": "Test"
        },
        {
          "id": 2159,
          "logprob": -13.3359375,
          "text": "request"
        }
      ],
      "seed": null,
      "tokens": [
        {
          "id": 1221,
          "logprob": -1.8779297,
          "special": false,
          "text": " form"
        },
        {
          "id": 13,
          "logprob": -1.0566406,
          "special": false,
          "text": "\n"
        },
        {
          "id": 13,
          "logprob": -0.22692871,
          "special": false,
          "text": "\n"
        },
        {
          "id": 28771,
          "logprob": -1.7128906,
          "special": false,
          "text": "#"
        },
        {
          "id": 3735,
          "logprob": -2.2773438,
          "special": false,
          "text": " Test"
        },
        {
          "id": 2159,
          "logprob": -0.3088379,
          "special": false,
          "text": " request"
        },
        {
          "id": 1221,
          "logprob": -0.070251465,
          "special": false,
          "text": " form"
        },
        {
          "id": 13,
          "logprob": -0.0770874,
          "special": false,
          "text": "\n"
        },
        {
          "id": 13,
          "logprob": -3.1352043e-05,
          "special": false,
          "text": "\n"
        },
        {
          "id": 1064,
          "logprob": -2.0625,
          "special": false,
          "text": "##"
        }
      ],
      "top_tokens": null
    },
    "generated_text": " form\n\n# Test request form\n\n##"
  },
  {
    "details": {
      "best_of_sequences": null,
      "finish_reason": "length",
      "generated_tokens": 10,
      "prefill": [
        {
          "id": 1,
          "logprob": null,
          "text": "<s>"
        },
        {
          "id": 3735,
          "logprob": -9.6796875,
          "text": "Test"
        },
        {
          "id": 2159,
          "logprob": -13.328125,
          "text": "request"
        }
      ],
      "seed": null,
      "tokens": [
        {
          "id": 1221,
          "logprob": -1.8740234,
          "special": false,
          "text": " form"
        },
        {
          "id": 13,
          "logprob": -1.0556641,
          "special": false,
          "text": "\n"
        },
        {
          "id": 13,
          "logprob": -0.22790527,
          "special": false,
          "text": "\n"
        },
        {
          "id": 28771,
          "logprob": -1.703125,
          "special": false,
          "text": "#"
        },
        {
          "id": 3735,
          "logprob": -2.265625,
          "special": false,
          "text": " Test"
        },
        {
          "id": 2159,
          "logprob": -0.3083496,
          "special": false,
          "text": " request"
        },
        {
          "id": 1221,
          "logprob": -0.070251465,
          "special": false,
          "text": " form"
        },
        {
          "id": 13,
          "logprob": -0.07696533,
          "special": false,
          "text": "\n"
        },
        {
          "id": 13,
          "logprob": -3.1232834e-05,
          "special": false,
          "text": "\n"
        },
        {
          "id": 1064,
          "logprob": -2.0605469,
          "special": false,
          "text": "##"
        }
      ],
      "top_tokens": null
    },
    "generated_text": " form\n\n# Test request form\n\n##"
  }
]
