{
  "details": {
    "finish_reason": "eos_token",
    "generated_tokens": 4,
    "prefill": [],
    "seed": null,
    "tokens": [
      {
        "id": 1,
        "logprob": -0.0008506775,
        "special": true,
        "text": "<s>"
      },
      {
        "id": 1877,
        "logprob": -0.01953125,
        "special": false,
        "text": " check"
      },
      {
        "id": 7873,
        "logprob": -5.9247017e-05,
        "special": false,
        "text": " balance"
      },
      {
        "id": 2,
        "logprob": -6.592274e-05,
        "special": true,
        "text": "</s>"
      }
    ]
  },
  "generated_text": " check balance"
}
