{
  "details": {
    "finish_reason": "eos_token",
    "generated_tokens": 7,
    "prefill": [],
    "seed": null,
    "tokens": [
      {
        "id": 1,
        "logprob": -0.49658203,
        "special": true,
        "text": "<s>"
      },
      {
        "id": 28705,
        "logprob": -0.001625061,
        "special": false,
        "text": " "
      },
      {
        "id": 1,
        "logprob": -1.4921875,
        "special": true,
        "text": "<s>"
      },
      {
        "id": 28705,
        "logprob": -0.0007457733,
        "special": false,
        "text": " "
      },
      {
        "id": 28740,
        "logprob": -0.25048828,
        "special": false,
        "text": "1"
      },
      {
        "id": 28740,
        "logprob": -0.26367188,
        "special": false,
        "text": "1"
      },
      {
        "id": 2,
        "logprob": -0.0003285408,
        "special": true,
        "text": "</s>"
      }
    ]
  },
  "generated_text": "  11"
}
